Unhandled rejection Error: listen EADDRINUSE: address already in use 127.0.0.1:14141
    at Server.setupListenHandle [as _listen2] (node:net:1940:16)
    at listenInCluster (node:net:1997:12)
    at node:net:2206:7
    at processTicksAndRejections (node:internal/process/task_queues:89:21) {
  code: 'EADDRINUSE',
  errno: -4091,
  syscall: 'listen',
  address: '127.0.0.1',
  port: 14141
} Promise {
  <rejected> Error: listen EADDRINUSE: address already in use 127.0.0.1:14141
      at Server.setupListenHandle [as _listen2] (node:net:1940:16)
      at listenInCluster (node:net:1997:12)
      at node:net:2206:7
      at processTicksAndRejections (node:internal/process/task_queues:89:21) {
    code: 'EADDRINUSE',
    errno: -4091,
    syscall: 'listen',
    address: '127.0.0.1',
    port: 14141
  },
  [Symbol(async_id_symbol)]: 48,
  [Symbol(trigger_async_id_symbol)]: 35
}
[CliMemWatch] pid=30480 heapUsed=136MB heapTotal=159MB rss=223MB external=5MB cpuPercent=10.8
